// Jest Snapshot v1, https://goo.gl/fbAQLP

exports[`MDXStyle renders with css 1`] = `
Array [
  <style
    dangerouslySetInnerHTML={
      Object {
        "__html": ".x144fp9m{color:tomato}.x7jn1pg{font-size:32px}",
      }
    }
  />,
  <div
    className="x144fp9m"
  >
    <h1>
      Hello
    </h1>
  </div>,
]
`;
